../Hardware/Run/Run.c:32:9:GetRxFlag	4	static
../Hardware/Run/Run.c:76:6:Move_Line	32	static
../Hardware/Run/Run.c:109:6:Move_Left	32	static
../Hardware/Run/Run.c:143:6:Move_Back	32	static
../Hardware/Run/Run.c:177:6:Move_fanxuzhuan	32	static
../Hardware/Run/Run.c:249:6:Move_Right	32	static
../Hardware/Run/Run.c:302:6:Move_zhengxuzhuan	32	static
../Hardware/Run/Run.c:391:6:Drop_Location_jiang	40	static
../Hardware/Run/Run.c:403:6:Drop_Location_Sheng	40	static
../Hardware/Run/Run.c:418:6:motor_clear_all	8	static
../Hardware/Run/Run.c:428:6:Move_Val_Line	24	static
../Hardware/Run/Run.c:437:6:Move_Val_Back	24	static
../Hardware/Run/Run.c:446:6:Move_Val_Left	24	static
../Hardware/Run/Run.c:455:6:Move_Val_Right	24	static
../Hardware/Run/Run.c:465:6:Move_Stop	8	static
../Hardware/Run/Run.c:474:6:Move_GO	32	static
../Hardware/Run/Run.c:494:6:Move_TO_Saomaqu	16	static
../Hardware/Run/Run.c:503:6:Move_TO_yuanliaoqu	16	static
../Hardware/Run/Run.c:509:6:Move_TO_jianzhi1	24	static
../Hardware/Run/Run.c:529:6:Move_TO_zancunqu	24	static
../Hardware/Run/Run.c:553:6:Move_TO_jianzhi2	24	static
../Hardware/Run/Run.c:574:6:Move_TO_cujiagongqu	24	static
../Hardware/Run/Run.c:587:6:Move_TO_jianzhi3	24	static
../Hardware/Run/Run.c:611:6:Move_TO_fanyuanliaoqu	24	static
../Hardware/Run/Run.c:718:6:Move_Action_Nopid_Left_Ctrl	24	static
../Hardware/Run/Run.c:769:6:Move_Action_Nopid_Forward_Ctrl	40	static
../Hardware/Run/Run.c:846:6:Move_Action_Nopid_Right_Ctrl	24	static
../Hardware/Run/Run.c:900:6:Move_Tx_Pid_Ctrl	24	static
