../Hardware/Stability/Stability.c:32:6:Manhattan	16	static
../Hardware/Stability/Stability.c:43:9:Check_Stability	32	static
../Hardware/Stability/Stability.c:117:9:Check_Status	8	static
../Hardware/Stability/Stability.c:133:9:Roll_Status	8	static
../Hardware/Stability/Stability.c:150:9:put_Status	8	static
../Hardware/Stability/Stability.c:163:9:FT_Servo_Zero	16	static
../Hardware/Stability/Stability.c:173:9:FT_Servo_Orth	8	static
../Hardware/Stability/Stability.c:180:9:FT_Servo_Put	16	static
../Hardware/Stability/Stability.c:203:9:FT_Servo_Wait_Zero	16	static
